// Jest Snapshot v1, https://goo.gl/fbAQLP

exports[`History::toJSON serializes the tree of actions 1`] = `
Object {
  "list": Array [
    Object {
      "payload": true,
      "status": "complete",
      "tag": "one",
    },
    Object {
      "payload": true,
      "status": "complete",
      "tag": "two",
    },
    Object {
      "payload": true,
      "status": "complete",
      "tag": "four",
    },
  ],
  "size": 3,
  "tree": Object {
    "children": Array [
      Object {
        "children": Array [
          Object {
            "children": Array [],
            "payload": true,
            "status": "complete",
            "tag": "three",
          },
          Object {
            "children": Array [],
            "payload": true,
            "status": "complete",
            "tag": "four",
          },
        ],
        "payload": true,
        "status": "complete",
        "tag": "two",
      },
    ],
    "payload": true,
    "status": "complete",
    "tag": "one",
  },
}
`;
